// Jest Snapshot v1, https://goo.gl/fbAQLP

exports[`the config modules:  testing configuration file: allTemplates.js the badge(s):  should match the snapshot(s) 1`] = `
Array [
  Object {
    "fileContents": "<svg xmlns=\\"http://www.w3.org/2000/svg\\" xmlns:xlink=\\"http://www.w3.org/1999/xlink\\" width=\\"88\\" height=\\"20\\">
  <linearGradient id=\\"smooth\\" x2=\\"0\\" y2=\\"100%\\">
    <stop offset=\\"0\\" stop-color=\\"#bbb\\" stop-opacity=\\".1\\"/>
    <stop offset=\\"1\\" stop-opacity=\\".1\\"/>
  </linearGradient>

  <clipPath id=\\"round\\">
    <rect width=\\"88\\" height=\\"20\\" rx=\\"3\\" fill=\\"#fff\\"/>
  </clipPath>

  <g clip-path=\\"url(#round)\\">
    <rect width=\\"45\\" height=\\"20\\" fill=\\"#555\\"/>
    <rect x=\\"45\\" width=\\"43\\" height=\\"20\\" fill=\\"#97ca00\\"/>
    <rect width=\\"88\\" height=\\"20\\" fill=\\"url(#smooth)\\"/>
  </g>

  <g fill=\\"#fff\\" text-anchor=\\"middle\\" font-family=\\"DejaVu Sans,Verdana,Geneva,sans-serif\\" font-size=\\"110\\">
    
    
        <text x=\\"235\\" y=\\"150\\" fill=\\"#010101\\" fill-opacity=\\".3\\" transform=\\"scale(0.1)\\" textLength=\\"350\\" lengthAdjust=\\"spacing\\">boring</text>
        <text x=\\"235\\" y=\\"140\\" transform=\\"scale(0.1)\\" textLength=\\"350\\" lengthAdjust=\\"spacing\\">boring</text>
    
    <text x=\\"655\\" y=\\"150\\" fill=\\"#010101\\" fill-opacity=\\".3\\" transform=\\"scale(0.1)\\" textLength=\\"330\\" lengthAdjust=\\"spacing\\">badge</text>
    <text x=\\"655\\" y=\\"140\\" transform=\\"scale(0.1)\\" textLength=\\"330\\" lengthAdjust=\\"spacing\\">badge</text>
  </g>

  
  
</svg>
",
    "fileName": "default-green.svg",
  },
  Object {
    "fileContents": "<svg xmlns=\\"http://www.w3.org/2000/svg\\" xmlns:xlink=\\"http://www.w3.org/1999/xlink\\" width=\\"88\\" height=\\"20\\">
  <linearGradient id=\\"smooth\\" x2=\\"0\\" y2=\\"100%\\">
    <stop offset=\\"0\\" stop-color=\\"#bbb\\" stop-opacity=\\".1\\"/>
    <stop offset=\\"1\\" stop-opacity=\\".1\\"/>
  </linearGradient>

  <clipPath id=\\"round\\">
    <rect width=\\"88\\" height=\\"20\\" rx=\\"3\\" fill=\\"#fff\\"/>
  </clipPath>

  <g clip-path=\\"url(#round)\\">
    <rect width=\\"45\\" height=\\"20\\" fill=\\"#555\\"/>
    <rect x=\\"45\\" width=\\"43\\" height=\\"20\\" fill=\\"#97ca00\\"/>
    <rect width=\\"88\\" height=\\"20\\" fill=\\"url(#smooth)\\"/>
  </g>

  <g fill=\\"#fff\\" text-anchor=\\"middle\\" font-family=\\"DejaVu Sans,Verdana,Geneva,sans-serif\\" font-size=\\"110\\">
    
    
        <text x=\\"235\\" y=\\"150\\" fill=\\"#010101\\" fill-opacity=\\".3\\" transform=\\"scale(0.1)\\" textLength=\\"350\\" lengthAdjust=\\"spacing\\">boring</text>
        <text x=\\"235\\" y=\\"140\\" transform=\\"scale(0.1)\\" textLength=\\"350\\" lengthAdjust=\\"spacing\\">boring</text>
    
    <text x=\\"655\\" y=\\"150\\" fill=\\"#010101\\" fill-opacity=\\".3\\" transform=\\"scale(0.1)\\" textLength=\\"330\\" lengthAdjust=\\"spacing\\">badge</text>
    <text x=\\"655\\" y=\\"140\\" transform=\\"scale(0.1)\\" textLength=\\"330\\" lengthAdjust=\\"spacing\\">badge</text>
  </g>

  
  
</svg>
",
    "fileName": "flat-green.svg",
  },
  Object {
    "fileContents": "<svg xmlns=\\"http://www.w3.org/2000/svg\\" xmlns:xlink=\\"http://www.w3.org/1999/xlink\\" width=\\"88\\" height=\\"20\\">
  <g shape-rendering=\\"crispEdges\\">
    <rect width=\\"45\\" height=\\"20\\" fill=\\"#555\\"/>
    <rect x=\\"45\\" width=\\"43\\" height=\\"20\\" fill=\\"#97ca00\\"/>
  </g>
  <g fill=\\"#fff\\" text-anchor=\\"middle\\" font-family=\\"DejaVu Sans,Verdana,Geneva,sans-serif\\" font-size=\\"110\\">
    
    
        <text x=\\"235\\" y=\\"140\\" transform=\\"scale(0.1)\\" textLength=\\"350\\" lengthAdjust=\\"spacing\\">boring</text>
    
    <text x=\\"655\\" y=\\"140\\" transform=\\"scale(0.1)\\" textLength=\\"330\\" lengthAdjust=\\"spacing\\">badge</text>
  </g>
  
  
</svg>
",
    "fileName": "flat-square-green.svg",
  },
  Object {
    "fileContents": "<svg xmlns=\\"http://www.w3.org/2000/svg\\" xmlns:xlink=\\"http://www.w3.org/1999/xlink\\" width=\\"143\\" height=\\"28\\">
  <g shape-rendering=\\"crispEdges\\">
    <rect width=\\"74\\" height=\\"28\\" fill=\\"#555\\"/>
    <rect x=\\"74\\" width=\\"69\\" height=\\"28\\" fill=\\"#97ca00\\"/>
  </g>
  <g fill=\\"#fff\\" text-anchor=\\"middle\\" font-family=\\"DejaVu Sans,Verdana,Geneva,sans-serif\\" font-size=\\"100\\">
    
    
      <text x=\\"370\\" y=\\"175\\" transform=\\"scale(0.1)\\" textLength=\\"500\\" lengthAdjust=\\"spacing\\">BORING</text>
    
    <text x=\\"1085\\" y=\\"175\\" font-weight=\\"bold\\" transform=\\"scale(0.1)\\" textLength=\\"450\\" lengthAdjust=\\"spacing\\">BADGE</text>
  </g>
  
  
</svg>
",
    "fileName": "for-the-badge-green.svg",
  },
  Object {
    "fileContents": "<svg xmlns=\\"http://www.w3.org/2000/svg\\" xmlns:xlink=\\"http://www.w3.org/1999/xlink\\" width=\\"88\\" height=\\"18\\">
  <linearGradient id=\\"smooth\\" x2=\\"0\\" y2=\\"100%\\">
    <stop offset=\\"0\\"  stop-color=\\"#fff\\" stop-opacity=\\".7\\"/>
    <stop offset=\\".1\\" stop-color=\\"#aaa\\" stop-opacity=\\".1\\"/>
    <stop offset=\\".9\\" stop-color=\\"#000\\" stop-opacity=\\".3\\"/>
    <stop offset=\\"1\\"  stop-color=\\"#000\\" stop-opacity=\\".5\\"/>
  </linearGradient>

  <clipPath id=\\"round\\">
    <rect width=\\"88\\" height=\\"18\\" rx=\\"4\\" fill=\\"#fff\\"/>
  </clipPath>

  <g clip-path=\\"url(#round)\\">
    <rect width=\\"45\\" height=\\"18\\" fill=\\"#555\\"/>
    <rect x=\\"45\\" width=\\"43\\" height=\\"18\\" fill=\\"#97ca00\\"/>
    <rect width=\\"88\\" height=\\"18\\" fill=\\"url(#smooth)\\"/>
  </g>

  <g fill=\\"#fff\\" text-anchor=\\"middle\\" font-family=\\"DejaVu Sans,Verdana,Geneva,sans-serif\\" font-size=\\"110\\">
    
    
        <text x=\\"235\\" y=\\"140\\" fill=\\"#010101\\" fill-opacity=\\".3\\" transform=\\"scale(0.1)\\" textLength=\\"350\\" lengthAdjust=\\"spacing\\">boring</text>
        <text x=\\"235\\" y=\\"130\\" transform=\\"scale(0.1)\\" textLength=\\"350\\" lengthAdjust=\\"spacing\\">boring</text>
    
    <text x=\\"655\\" y=\\"140\\" fill=\\"#010101\\" fill-opacity=\\".3\\" transform=\\"scale(0.1)\\" textLength=\\"330\\" lengthAdjust=\\"spacing\\">badge</text>
    <text x=\\"655\\" y=\\"130\\" transform=\\"scale(0.1)\\" textLength=\\"330\\" lengthAdjust=\\"spacing\\">badge</text>
  </g>

  
  
</svg>
",
    "fileName": "plastic-green.svg",
  },
  Object {
    "fileContents": "<svg xmlns=\\"http://www.w3.org/2000/svg\\" xmlns:xlink=\\"http://www.w3.org/1999/xlink\\" width=\\"88\\" height=\\"20\\">
  <linearGradient id=\\"smooth\\" x2=\\"0\\" y2=\\"100%\\">
    <stop offset=\\"0\\" stop-color=\\"#bbb\\" stop-opacity=\\".1\\"/>
    <stop offset=\\"1\\" stop-opacity=\\".1\\"/>
  </linearGradient>

  <clipPath id=\\"round\\">
    <rect width=\\"88\\" height=\\"20\\" rx=\\"3\\" fill=\\"#fff\\"/>
  </clipPath>

  <g clip-path=\\"url(#round)\\">
    <rect width=\\"45\\" height=\\"20\\" fill=\\"#555\\"/>
    <rect x=\\"45\\" width=\\"43\\" height=\\"20\\" fill=\\"#97ca00\\"/>
    <rect width=\\"88\\" height=\\"20\\" fill=\\"url(#smooth)\\"/>
  </g>

  <g fill=\\"#fff\\" text-anchor=\\"middle\\" font-family=\\"DejaVu Sans,Verdana,Geneva,sans-serif\\" font-size=\\"110\\">
    
    
        <text x=\\"235\\" y=\\"150\\" fill=\\"#010101\\" fill-opacity=\\".3\\" transform=\\"scale(0.1)\\" textLength=\\"350\\" lengthAdjust=\\"spacing\\">boring</text>
        <text x=\\"235\\" y=\\"140\\" transform=\\"scale(0.1)\\" textLength=\\"350\\" lengthAdjust=\\"spacing\\">boring</text>
    
    <text x=\\"655\\" y=\\"150\\" fill=\\"#010101\\" fill-opacity=\\".3\\" transform=\\"scale(0.1)\\" textLength=\\"330\\" lengthAdjust=\\"spacing\\">badge</text>
    <text x=\\"655\\" y=\\"140\\" transform=\\"scale(0.1)\\" textLength=\\"330\\" lengthAdjust=\\"spacing\\">badge</text>
  </g>

  
  
</svg>
",
    "fileName": "popout-green.svg",
  },
  Object {
    "fileContents": "<svg xmlns=\\"http://www.w3.org/2000/svg\\" xmlns:xlink=\\"http://www.w3.org/1999/xlink\\" width=\\"88\\" height=\\"20\\">
  <g shape-rendering=\\"crispEdges\\">
    <rect width=\\"45\\" height=\\"20\\" fill=\\"#555\\"/>
    <rect x=\\"45\\" width=\\"43\\" height=\\"20\\" fill=\\"#97ca00\\"/>
  </g>
  <g fill=\\"#fff\\" text-anchor=\\"middle\\" font-family=\\"DejaVu Sans,Verdana,Geneva,sans-serif\\" font-size=\\"110\\">
    
    
        <text x=\\"235\\" y=\\"140\\" transform=\\"scale(0.1)\\" textLength=\\"350\\" lengthAdjust=\\"spacing\\">boring</text>
    
    <text x=\\"655\\" y=\\"140\\" transform=\\"scale(0.1)\\" textLength=\\"330\\" lengthAdjust=\\"spacing\\">badge</text>
  </g>
  
  
</svg>
",
    "fileName": "popout-square-green.svg",
  },
  Object {
    "fileContents": "<svg xmlns=\\"http://www.w3.org/2000/svg\\" xmlns:xlink=\\"http://www.w3.org/1999/xlink\\" width=\\"91\\" height=\\"20\\">
  
  <style type=\\"text/css\\"><![CDATA[
    a #llink:hover { fill:url(#b); stroke:#ccc; }
    a #rlink:hover { fill:#4183C4; }
  ]]></style>
  <linearGradient id=\\"a\\" x2=\\"0\\" y2=\\"100%\\">
    <stop offset=\\"0\\" stop-color=\\"#fcfcfc\\" stop-opacity=\\"0\\"/>
    <stop offset=\\"1\\" stop-opacity=\\".1\\"/>
  </linearGradient>
  <linearGradient id=\\"b\\" x2=\\"0\\" y2=\\"100%\\">
    <stop offset=\\"0\\" stop-color=\\"#ccc\\" stop-opacity=\\".1\\"/>
    <stop offset=\\"1\\" stop-opacity=\\".1\\"/>
  </linearGradient>
  <g stroke=\\"#d5d5d5\\">
    <rect stroke=\\"none\\" fill=\\"#fcfcfc\\" x=\\"0.5\\" y=\\"0.5\\" width=\\"45\\" height=\\"19\\" rx=\\"2\\"/>
    
    <rect y=\\"0.5\\" x=\\"51.5\\" width=\\"39\\" height=\\"19\\" rx=\\"2\\" fill=\\"#fafafa\\"/>
    <rect x=\\"51\\" y=\\"7.5\\" width=\\"0.5\\" height=\\"5\\" stroke=\\"#fafafa\\"/>
    <path d=\\"M51.5 6.5 l-3 3v1 l3 3\\" stroke=\\"d5d5d5\\" fill=\\"#fafafa\\"/>
    
  </g>
  
  <g fill=\\"#333\\" text-anchor=\\"middle\\" font-family=\\"Helvetica Neue,Helvetica,Arial,sans-serif\\" font-weight=\\"700\\" font-size=\\"110px\\" line-height=\\"14px\\">
    <text x=\\"225\\" y=\\"150\\" fill=\\"#fff\\" transform=\\"scale(0.1)\\" textLength=\\"350\\" lengthAdjust=\\"spacing\\">Boring</text>
    <text x=\\"225\\" y=\\"140\\" transform=\\"scale(0.1)\\" textLength=\\"350\\" lengthAdjust=\\"spacing\\">Boring</text>
    
      <text x=\\"705\\" y=\\"150\\" fill=\\"#fff\\" transform=\\"scale(0.1)\\" textLength=\\"310\\" lengthAdjust=\\"spacing\\">badge</text>
      
        <text id=\\"rlink\\" x=\\"705\\" y=\\"140\\" transform=\\"scale(0.1)\\" textLength=\\"310\\" lengthAdjust=\\"spacing\\">badge</text>
      
    
  </g>
  
      <rect id=\\"llink\\" stroke=\\"#d5d5d5\\" fill=\\"url(#a)\\" x=\\"0.5\\" y=\\"0.5\\" width=\\"45\\" height=\\"19\\" rx=\\"2\\"/>
  
</svg>
",
    "fileName": "social-green.svg",
  },
]
`;

exports[`the config modules:  testing configuration file: build-status.js the badge(s):  should match the snapshot(s) 1`] = `
Array [
  Object {
    "fileContents": "<svg xmlns=\\"http://www.w3.org/2000/svg\\" xmlns:xlink=\\"http://www.w3.org/1999/xlink\\" width=\\"80\\" height=\\"20\\">
  <linearGradient id=\\"smooth\\" x2=\\"0\\" y2=\\"100%\\">
    <stop offset=\\"0\\" stop-color=\\"#bbb\\" stop-opacity=\\".1\\"/>
    <stop offset=\\"1\\" stop-opacity=\\".1\\"/>
  </linearGradient>

  <clipPath id=\\"round\\">
    <rect width=\\"80\\" height=\\"20\\" rx=\\"3\\" fill=\\"#fff\\"/>
  </clipPath>

  <g clip-path=\\"url(#round)\\">
    <rect width=\\"37\\" height=\\"20\\" fill=\\"#555\\"/>
    <rect x=\\"37\\" width=\\"43\\" height=\\"20\\" fill=\\"#e05d44\\"/>
    <rect width=\\"80\\" height=\\"20\\" fill=\\"url(#smooth)\\"/>
  </g>

  <g fill=\\"#fff\\" text-anchor=\\"middle\\" font-family=\\"DejaVu Sans,Verdana,Geneva,sans-serif\\" font-size=\\"110\\">
    
    
        <text x=\\"195\\" y=\\"150\\" fill=\\"#010101\\" fill-opacity=\\".3\\" transform=\\"scale(0.1)\\" textLength=\\"270\\" lengthAdjust=\\"spacing\\">build</text>
        <text x=\\"195\\" y=\\"140\\" transform=\\"scale(0.1)\\" textLength=\\"270\\" lengthAdjust=\\"spacing\\">build</text>
    
    <text x=\\"575\\" y=\\"150\\" fill=\\"#010101\\" fill-opacity=\\".3\\" transform=\\"scale(0.1)\\" textLength=\\"330\\" lengthAdjust=\\"spacing\\">failing</text>
    <text x=\\"575\\" y=\\"140\\" transform=\\"scale(0.1)\\" textLength=\\"330\\" lengthAdjust=\\"spacing\\">failing</text>
  </g>

  
  
</svg>
",
    "fileName": "build-status.svg",
  },
]
`;
